// Vitest Snapshot v1, https://vitest.dev/guide/snapshot.html

exports[`TypeScript 3.9 > generate [] 1`] = `
{
  "content": "",
  "scriptKind": 1,
}
`;

exports[`TypeScript 3.9 > generate fixture/ex1 1`] = `
{
  "content": "export { Test5, Test6, default as Test7 } from './class'
export { Test16, Test17 } from './enum'
export type { Test13, default as Test15 } from './export'
export { Test14 } from './export'
export { test8, test9, test10 } from './function'
export type { Test2, Test3, default as Test4 } from './interface'
export type { Test11, Test12 } from './type'
",
  "scriptKind": 3,
}
`;

exports[`TypeScript 4.9 > generate [] 1`] = `
{
  "content": "",
  "scriptKind": 1,
}
`;

exports[`TypeScript 4.9 > generate fixture/ex1 1`] = `
{
  "content": "export { Test5, Test6, default as Test7 } from './class'
export { Test16, Test17 } from './enum'
export type { Test13, default as Test15 } from './export'
export { Test14 } from './export'
export { test8, test9, test10 } from './function'
export type { Test2, Test3, default as Test4 } from './interface'
export type { Test11, Test12 } from './type'
",
  "scriptKind": 3,
}
`;
